10:35:07 **** Build of configuration Debug for project Core ****
make -j18 all 
arm-none-eabi-gcc -mcpu=cortex-m4 -g3 -DDEBUG -c -x assembler-with-cpp -MMD -MP -MF"Startup/startup_stm32l476rgtx.d" -MT"Startup/startup_stm32l476rgtx.o" --specs=nano.specs -mfpu=fpv4-sp-d16 -mfloat-abi=hard -mthumb -o "Startup/startup_stm32l476rgtx.o" "../Startup/startup_stm32l476rgtx.s"
arm-none-eabi-gcc "../Src/main.c" -mcpu=cortex-m4 -std=gnu11 -g3 -DDEBUG -DSTM32L4 -DSTM32 -DSTM32L476RGTx -c -I../Inc -O0 -ffunction-sections -fdata-sections -Wall -fstack-usage -fcyclomatic-complexity -MMD -MP -MF"Src/main.d" -MT"Src/main.o" --specs=nano.specs -mfpu=fpv4-sp-d16 -mfloat-abi=hard -mthumb -o "Src/main.o"
arm-none-eabi-gcc "../Src/syscalls.c" -mcpu=cortex-m4 -std=gnu11 -g3 -DDEBUG -DSTM32L4 -DSTM32 -DSTM32L476RGTx -c -I../Inc -O0 -ffunction-sections -fdata-sections -Wall -fstack-usage -fcyclomatic-complexity -MMD -MP -MF"Src/syscalls.d" -MT"Src/syscalls.o" --specs=nano.specs -mfpu=fpv4-sp-d16 -mfloat-abi=hard -mthumb -o "Src/syscalls.o"
arm-none-eabi-gcc "../Src/sysmem.c" -mcpu=cortex-m4 -std=gnu11 -g3 -DDEBUG -DSTM32L4 -DSTM32 -DSTM32L476RGTx -c -I../Inc -O0 -ffunction-sections -fdata-sections -Wall -fstack-usage -fcyclomatic-complexity -MMD -MP -MF"Src/sysmem.d" -MT"Src/sysmem.o" --specs=nano.specs -mfpu=fpv4-sp-d16 -mfloat-abi=hard -mthumb -o "Src/sysmem.o"
arm-none-eabi-gcc -o "Core.elf" @"objects.list"   -mcpu=cortex-m4 -T"C:\Users\vaibh\Projects\stm32-vitals-monitor\firmware\Core\STM32L476RGTX_FLASH.ld" --specs=nosys.specs -Wl,-Map="Core.map" -Wl,--gc-sections -static --specs=nano.specs -mfpu=fpv4-sp-d16 -mfloat-abi=hard -mthumb -Wl,--start-group -lc -lm -Wl,--end-group
Finished building target: Core.elf
 
arm-none-eabi-size  Core.elf 
arm-none-eabi-objdump -h -S Core.elf  > "Core.list"
   text	   data	    bss	    dec	    hex	filename
    784	      0	   1568	   2352	    930	Core.elf
Finished building: default.size.stdout
 
Finished building: Core.list
 
10:35:51 **** Incremental Build of configuration Debug for project Core ****
make -j18 all 
arm-none-eabi-size  Core.elf 
   text	   data	    bss	    dec	    hex	filename
    784	      0	   1568	   2352	    930	Core.elf
Finished building: default.size.stdout
 
