21:26:31 **** Incremental Build of configuration Debug for project Core ****
make -j18 all 
arm-none-eabi-gcc "../Src/main.c" -mcpu=cortex-m4 -std=gnu11 -g3 -DDEBUG -DSTM32L4 -DSTM32 -DSTM32L476RGTx -c -I../Inc -O0 -ffunction-sections -fdata-sections -Wall -fstack-usage -fcyclomatic-complexity -MMD -MP -MF"Src/main.d" -MT"Src/main.o" --specs=nano.specs -mfpu=fpv4-sp-d16 -mfloat-abi=hard -mthumb -o "Src/main.o"
arm-none-eabi-gcc -o "Core.elf" @"objects.list"   -mcpu=cortex-m4 -T"C:\Users\vaibh\Projects\stm32-vitals-monitor\firmware\Core\STM32L476RGTX_FLASH.ld" --specs=nosys.specs -Wl,-Map="Core.map" -Wl,--gc-sections -static --specs=nano.specs -mfpu=fpv4-sp-d16 -mfloat-abi=hard -mthumb -Wl,--start-group -lc -lm -Wl,--end-group
Finished building target: Core.elf
 
arm-none-eabi-size  Core.elf 
arm-none-eabi-objdump -h -S Core.elf  > "Core.list"
arm-none-eabi-objcopy  -O binary Core.elf  "Core.bin"
   text	   data	    bss	    dec	    hex	filename
   1264	      0	   1568	   2832	    b10	Core.elf
Finished building: default.size.stdout
 
Finished building: Core.bin
 
Finished building: Core.list
 
21:26:41 **** Incremental Build of configuration Debug for project Core ****
make -j18 all 
arm-none-eabi-size  Core.elf 
   text	   data	    bss	    dec	    hex	filename
   1264	      0	   1568	   2832	    b10	Core.elf
Finished building: default.size.stdout
 
